# Ensure build layout
# Check configuration tokens
# Preparing build
# Check requirements for android
# Search for Git (git)
#  -> found at /usr/bin/git
# Search for Cython (cython)
#  -> found at /opt/buildozer-venv/bin/cython
# Search for Java compiler (javac)
#  -> found at /usr/lib/jvm/java-17-openjdk-amd64/bin/javac
# Search for Java keytool (keytool)
#  -> found at /usr/lib/jvm/java-17-openjdk-amd64/bin/keytool
# Install platform
# Run 'git config --get remote.origin.url' ...
# Cwd /root/duifene-build-20260713/.buildozer/android/platform/python-for-android
https://github.com/kivy/python-for-android.git
# Run 'git branch -vv' ...
# Cwd /root/duifene-build-20260713/.buildozer/android/platform/python-for-android
* master 58d21141 [origin/master] Merge pull request #3321 from kivy/release-2026.05.09
# Run '/opt/buildozer-venv/bin/python3 -m pip install -q appdirs colorama>=0.3.3 jinja2 sh>=2, <3.0; sys_platform!="win32" meson ninja build toml packaging setuptools wheel~=0.43.0' ...
# Cwd None
# Apache ANT found at /root/.buildozer/android/platform/apache-ant-1.9.4
# Android SDK found at /root/.buildozer/android/platform/android-sdk
# Recommended android's NDK version by p4a is: 28c
# Android NDK found at /root/.buildozer/android/platform/android-ndk-r28c
# Run '/opt/buildozer-venv/bin/python3 -m pythonforandroid.toolchain aab -h --color=always --storage-dir=/root/duifene-build-20260713/.buildozer/android/platform/build-arm64-v8a --ndk-api=29 --hook=/root/duifene-build-20260713/p4a_hook.py --ignore-setup-py --debug' ...
# Cwd /root/duifene-build-20260713/.buildozer/android/platform/python-for-android
# Check application requirements
# Compile platform
# Run '/opt/buildozer-venv/bin/python3 -m pythonforandroid.toolchain create --dist_name=duifene_sign --bootstrap=sdl2 --requirements=python3,kivy==2.3.1,requests==2.34.2 --arch=arm64-v8a --copy-libs --color=always --storage-dir=/root/duifene-build-20260713/.buildozer/android/platform/build-arm64-v8a --ndk-api=29 --hook=/root/duifene-build-20260713/p4a_hook.py --ignore-setup-py --debug' ...
# Cwd /root/duifene-build-20260713/.buildozer/android/platform/python-for-android
[WARNING]: prerequisites.py is experimental and does not support all prerequisites yet.
[WARNING]: Please report any issues to the python-for-android issue tracker.
[WARNING]: prerequisites.py is experimental and does not support all prerequisites yet.
[WARNING]: Please report any issues to the python-for-android issue tracker.
[INFO]:    Recipe kivy: version "2.3.1" requested
[INFO]:    Recipe requests: version "2.34.2" requested
[INFO]:    Will compile for the following archs: arm64-v8a
[INFO]:    Found Android API target in $ANDROIDAPI: 35
[INFO]:    Available Android APIs are (35)
[INFO]:    Requested API target 35 is available, continuing.
[INFO]:    Found NDK dir in $ANDROIDNDK: /root/.buildozer/android/platform/android-ndk-r28c
[INFO]:    Found NDK version 28c
[WARNING]: Maximum recommended NDK version is 28c, but newer versions may work.
[WARNING]: Newer NDKs may not be fully supported by p4a.
[INFO]:    Getting NDK API version (i.e. minimum supported API) from user argument
[DEBUG]:   All possible dists: [<Distribution: name duifene_sign with recipes (hostpython3, libffi, openssl, sdl2_image, sdl2_mixer, sdl2_ttf, sqlite3, python3, sdl2, pyjnius, setuptools, android, kivy, filetype, requests, idna, certifi, six, urllib3, chardet)>]
[DEBUG]:   Dist matching name and arch: [<Distribution: name duifene_sign with recipes (hostpython3, libffi, openssl, sdl2_image, sdl2_mixer, sdl2_ttf, sqlite3, python3, sdl2, pyjnius, setuptools, android, kivy, filetype, requests, idna, certifi, six, urllib3, chardet)>]
[DEBUG]:   Dist matching ndk_api and recipe: [<Distribution: name duifene_sign with recipes (hostpython3, libffi, openssl, sdl2_image, sdl2_mixer, sdl2_ttf, sqlite3, python3, sdl2, pyjnius, setuptools, android, kivy, filetype, requests, idna, certifi, six, urllib3, chardet)>]
[INFO]:    Of the existing distributions, the following meet the given requirements:
[INFO]:    	duifene_sign: min API 29, includes recipes (hostpython3, libffi, openssl, sdl2_image, sdl2_mixer, sdl2_ttf, sqlite3, python3, sdl2, pyjnius, setuptools, android, kivy, filetype, requests, idna, certifi, six, urllib3, chardet), built for archs (arm64-v8a)
[INFO]:    duifene_sign has compatible recipes, using this one
# Build the application #6
# Copy application source from /root/duifene-build-20260713
# Remove directory and subdirectory /root/duifene-build-20260713/.buildozer/android/app
# Create directory /root/duifene-build-20260713/.buildozer/android/app
# Copy /root/duifene-build-20260713/api_client.py to /root/duifene-build-20260713/.buildozer/android/app/api_client.py
# Copy /root/duifene-build-20260713/service_state.py to /root/duifene-build-20260713/.buildozer/android/app/service_state.py
# Copy /root/duifene-build-20260713/crash_reporter.py to /root/duifene-build-20260713/.buildozer/android/app/crash_reporter.py
# Copy /root/duifene-build-20260713/sign_service.py to /root/duifene-build-20260713/.buildozer/android/app/sign_service.py
# Copy /root/duifene-build-20260713/session_store.py to /root/duifene-build-20260713/.buildozer/android/app/session_store.py
# Copy /root/duifene-build-20260713/main.py to /root/duifene-build-20260713/.buildozer/android/app/main.py
# Copy /root/duifene-build-20260713/requirements.txt to /root/duifene-build-20260713/.buildozer/android/app/requirements.txt
# Create directory /root/duifene-build-20260713/.buildozer/android/app/service
# Copy /root/duifene-build-20260713/service/main.py to /root/duifene-build-20260713/.buildozer/android/app/service/main.py
# Copy /root/duifene-build-20260713/service/__init__.py to /root/duifene-build-20260713/.buildozer/android/app/service/__init__.py
# copy /root/duifene-build-20260713/.buildozer/applibs to /root/duifene-build-20260713/.buildozer/android/app/_applibs
# Copy /opt/buildozer-venv/lib/python3.10/site-packages/buildozer/sitecustomize.py to /root/duifene-build-20260713/.buildozer/android/app/sitecustomize.py
# Patched service/main.py to include applibs
# Package the application
# project.properties updated
# Run '/opt/buildozer-venv/bin/python3 -m pythonforandroid.toolchain apk --bootstrap sdl2 --dist_name duifene_sign --name 对分易签到 --version 1.1 --package org.example.duifene_sign --minsdk 29 --ndk-api 29 --private /root/duifene-build-20260713/.buildozer/android/app --permission INTERNET --permission ACCESS_NETWORK_STATE --permission FOREGROUND_SERVICE --permission FOREGROUND_SERVICE_DATA_SYNC --permission POST_NOTIFICATIONS --android-entrypoint org.kivy.android.PythonActivity --android-apptheme @android:style/Theme.NoTitleBar --orientation portrait --window --enable-androidx --allow-backup false --presplash-color #2196F3 --service monitor:service/main.py:foreground:sticky:foregroundServiceType=dataSync --copy-libs --arch arm64-v8a --color=always --storage-dir=/root/duifene-build-20260713/.buildozer/android/platform/build-arm64-v8a --ndk-api=29 --hook=/root/duifene-build-20260713/p4a_hook.py --ignore-setup-py --debug' ...
# Cwd /root/duifene-build-20260713/.buildozer/android/platform/python-for-android
[WARNING]: prerequisites.py is experimental and does not support all prerequisites yet.
[WARNING]: Please report any issues to the python-for-android issue tracker.
[WARNING]: prerequisites.py is experimental and does not support all prerequisites yet.
[WARNING]: Please report any issues to the python-for-android issue tracker.
[INFO]:    Will compile for the following archs: arm64-v8a
[INFO]:    Found Android API target in $ANDROIDAPI: 35
[INFO]:    Available Android APIs are (35)
[INFO]:    Requested API target 35 is available, continuing.
[INFO]:    Found NDK dir in $ANDROIDNDK: /root/.buildozer/android/platform/android-ndk-r28c
[INFO]:    Found NDK version 28c
[WARNING]: Maximum recommended NDK version is 28c, but newer versions may work.
[WARNING]: Newer NDKs may not be fully supported by p4a.
[INFO]:    Getting NDK API version (i.e. minimum supported API) from user argument
[DEBUG]:   All possible dists: [<Distribution: name duifene_sign with recipes (hostpython3, libffi, openssl, sdl2_image, sdl2_mixer, sdl2_ttf, sqlite3, python3, sdl2, pyjnius, setuptools, android, kivy, filetype, requests, idna, certifi, six, urllib3, chardet)>]
[DEBUG]:   Dist matching name and arch: [<Distribution: name duifene_sign with recipes (hostpython3, libffi, openssl, sdl2_image, sdl2_mixer, sdl2_ttf, sqlite3, python3, sdl2, pyjnius, setuptools, android, kivy, filetype, requests, idna, certifi, six, urllib3, chardet)>]
[DEBUG]:   Dist matching ndk_api and recipe: [<Distribution: name duifene_sign with recipes (hostpython3, libffi, openssl, sdl2_image, sdl2_mixer, sdl2_ttf, sqlite3, python3, sdl2, pyjnius, setuptools, android, kivy, filetype, requests, idna, certifi, six, urllib3, chardet)>]
[INFO]:    Of the existing distributions, the following meet the given requirements:
[INFO]:    	duifene_sign: min API 29, includes recipes (hostpython3, libffi, openssl, sdl2_image, sdl2_mixer, sdl2_ttf, sqlite3, python3, sdl2, pyjnius, setuptools, android, kivy, filetype, requests, idna, certifi, six, urllib3, chardet), built for archs (arm64-v8a)
[INFO]:    duifene_sign has compatible recipes, using this one
[DEBUG]:   All possible dists: [<Distribution: name duifene_sign with recipes (hostpython3, libffi, openssl, sdl2_image, sdl2_mixer, sdl2_ttf, sqlite3, python3, sdl2, pyjnius, setuptools, android, kivy, filetype, requests, idna, certifi, six, urllib3, chardet)>]
[DEBUG]:   Dist matching name and arch: [<Distribution: name duifene_sign with recipes (hostpython3, libffi, openssl, sdl2_image, sdl2_mixer, sdl2_ttf, sqlite3, python3, sdl2, pyjnius, setuptools, android, kivy, filetype, requests, idna, certifi, six, urllib3, chardet)>]
[DEBUG]:   Dist matching ndk_api and recipe: [<Distribution: name duifene_sign with recipes (hostpython3, libffi, openssl, sdl2_image, sdl2_mixer, sdl2_ttf, sqlite3, python3, sdl2, pyjnius, setuptools, android, kivy, filetype, requests, idna, certifi, six, urllib3, chardet)>]
[INFO]:    Of the existing distributions, the following meet the given requirements:
[INFO]:    	duifene_sign: min API 29, includes recipes (hostpython3, libffi, openssl, sdl2_image, sdl2_mixer, sdl2_ttf, sqlite3, python3, sdl2, pyjnius, setuptools, android, kivy, filetype, requests, idna, certifi, six, urllib3, chardet), built for archs (arm64-v8a)
[INFO]:    duifene_sign has compatible recipes, using this one
[INFO]:    -> directory context /root/duifene-build-20260713/.buildozer/android/platform/build-arm64-v8a/build/bootstrap_builds/sdl2
[INFO]:    <- directory context /root/duifene-build-20260713/.buildozer/android/platform/python-for-android
[INFO]:    -> directory context /root/duifene-build-20260713/.buildozer/android/platform/build-arm64-v8a/dists/duifene_sign
[INFO]:    Hook: ignore before_apk_build
[DEBUG]:   Remove directory and subdirectory src/main/assets
[DEBUG]:   Create directory src/main/assets
Compiling '/root/duifene-build-20260713/.buildozer/android/app/api_client.py'...
Compiling '/root/duifene-build-20260713/.buildozer/android/app/service_state.py'...
Compiling '/root/duifene-build-20260713/.buildozer/android/app/crash_reporter.py'...
Compiling '/root/duifene-build-20260713/.buildozer/android/app/sign_service.py'...
Compiling '/root/duifene-build-20260713/.buildozer/android/app/sitecustomize.py'...
Compiling '/root/duifene-build-20260713/.buildozer/android/app/session_store.py'...
Compiling '/root/duifene-build-20260713/.buildozer/android/app/main.py'...
Compiling '/root/duifene-build-20260713/.buildozer/android/app/service/main.py'...
Compiling '/root/duifene-build-20260713/.buildozer/android/app/service/__init__.py'...
[DEBUG]:   Remove directory and subdirectory /tmp/p4a-extra-env-3n92mq97
[DEBUG]:   Remove directory and subdirectory src/main/res
[INFO]:    Hook: ignore after_apk_build
[INFO]:    Hook: execute before_apk_assemble
[INFO]:    Detected highest available build tools version to be 37.0.0
stty: 'standard input': Inappropriate ioctl for device
[DEBUG]:   -> running gradlew clean assembleDebug
[DEBUG]:
[DEBUG]:
[DEBUG]:   	<-------------> 0% CONFIGURING [101ms]> root project > Resolve dependencies of classpath<-------------> 0% CONFIGURING [201ms]> root project<=============> 100% CONFIGURING [301ms]> IDLE<=------------> 9% EXECUTING [401ms]> :javaPreCompileDebug
[DEBUG]:   	<===----------> 29% EXECUTING [501ms]> :parseDebugLocalResources> :extractDeepLinksDebug
[DEBUG]:   	> Task :processDebugMainManifest
[DEBUG]:   	/root/duifene-build-20260713/.buildozer/android/platform/build-arm64-v8a/dists/duifene_sign/src/main/AndroidManifest.xml:63:18-50 Warning:
[DEBUG]:   	        android:extractNativeLibs should not be specified in this source AndroidManifest.xml file. See https://d.android.com/guide/topics/manifest/application-element#extractNativeLibs for more information.
[DEBUG]:   	The AGP Upgrade Assistant can remove the attribute from the AndroidManifest.xml file and update the build file accordingly. See https://d.android.com/studio/build/agp-upgrade-assistant for more information.
[DEBUG]:
[DEBUG]:
[DEBUG]:
[DEBUG]:   	<========-----> 65% EXECUTING [601ms]> :processDebugManifestForPackage> :mergeDebugJniLibFolders<==========---> 78% EXECUTING [701ms]> :processDebugResources> :mergeDebugNativeLibs<==========---> 82% EXECUTING [801ms]> IDLE<==========---> 82% EXECUTING [901ms]<==========---> 82% EXECUTING [1s]<===========--> 85% EXECUTING [1s]> :compileDebugJavaWithJavac
[DEBUG]:   	> Task :compileDebugJavaWithJavac
[DEBUG]:   	Note: Some input files use or override a deprecated API.
[DEBUG]:   	Note: Recompile with -Xlint:deprecation for details.
[DEBUG]:
[DEBUG]:
[DEBUG]:
[DEBUG]:   	<===========--> 87% EXECUTING [1s]> :dexBuilderDebug> IDLE<===========--> 87% EXECUTING [2s]<===========--> 90% EXECUTING [2s]> :mergeProjectDexDebug<============-> 92% EXECUTING [2s]> :packageDebug
[DEBUG]:   	[Incubating] Problems report is available at: file:///root/duifene-build-20260713/.buildozer/android/platform/build-arm64-v8a/dists/duifene_sign/build/reports/problems/problems-report.html
[DEBUG]:
[DEBUG]:   	Deprecated Gradle features were used in this build, making it incompatible with Gradle 9.0.
[DEBUG]:
[DEBUG]:   	You can use '--warning-mode all' to show the individual deprecation warnings and determine if they come from your own scripts or plugins.
[DEBUG]:
[DEBUG]:   	For more on this, please refer to https://docs.gradle.org/8.14.3/userguide/command_line_interface.html#sec:command_line_warnings in the Gradle documentation.
[DEBUG]:
[DEBUG]:   	BUILD SUCCESSFUL in 3s
[DEBUG]:   	34 actionable tasks: 34 executed
[DEBUG]:
[DEBUG]:
[DEBUG]:
[DEBUG]:   	<-------------> 0% WAITING> :packageDebug> IDLE
[INFO]:    <- directory context /root/duifene-build-20260713/.buildozer/android/platform/python-for-android
[DEBUG]:   All possible dists: [<Distribution: name duifene_sign with recipes (hostpython3, libffi, openssl, sdl2_image, sdl2_mixer, sdl2_ttf, sqlite3, python3, sdl2, pyjnius, setuptools, android, kivy, filetype, requests, idna, certifi, six, urllib3, chardet)>]
[DEBUG]:   Dist matching name and arch: [<Distribution: name duifene_sign with recipes (hostpython3, libffi, openssl, sdl2_image, sdl2_mixer, sdl2_ttf, sqlite3, python3, sdl2, pyjnius, setuptools, android, kivy, filetype, requests, idna, certifi, six, urllib3, chardet)>]
[DEBUG]:   Dist matching ndk_api and recipe: [<Distribution: name duifene_sign with recipes (hostpython3, libffi, openssl, sdl2_image, sdl2_mixer, sdl2_ttf, sqlite3, python3, sdl2, pyjnius, setuptools, android, kivy, filetype, requests, idna, certifi, six, urllib3, chardet)>]
[INFO]:    Of the existing distributions, the following meet the given requirements:
[INFO]:    	duifene_sign: min API 29, includes recipes (hostpython3, libffi, openssl, sdl2_image, sdl2_mixer, sdl2_ttf, sqlite3, python3, sdl2, pyjnius, setuptools, android, kivy, filetype, requests, idna, certifi, six, urllib3, chardet), built for archs (arm64-v8a)
[INFO]:    duifene_sign has compatible recipes, using this one
[INFO]:    Hook: ignore after_apk_assemble
[INFO]:    # Copying android package to current directory
[INFO]:    # Android package filename not found in build output. Guessing...
[INFO]:    # Found android package file: /root/duifene-build-20260713/.buildozer/android/platform/build-arm64-v8a/dists/duifene_sign/build/outputs/apk/debug/duifene_sign-debug.apk
[INFO]:    # Add version number to android package
[INFO]:    # Android package renamed to duifene_sign-debug-1.1.apk
stty: 'standard input': Inappropriate ioctl for device
[DEBUG]:   -> running cp /root/duifene-build-20260713/.buildozer/android/platform/build-arm64-v8a/dists/duifene_sign/build/outputs/apk/debug/duifene_sign-debug.apk duifene_sign-debug-1.1.apk
No setup.py/pyproject.toml used, copying full private data into .apk.
Applying Java source code patches...
Applying patch: src/patches/SDLSurface.java.patch
Warning: failed to apply patch (exit code 1), assuming it is already applied:  src/patches/SDLSurface.java.patch
Applying patch: src/patches/SDLActivity.java.patch
Warning: failed to apply patch (exit code 1), assuming it is already applied:  src/patches/SDLActivity.java.patch
# Copy /root/duifene-build-20260713/.buildozer/android/platform/build-arm64-v8a/dists/duifene_sign/build/outputs/apk/debug/duifene_sign-debug.apk to /root/duifene-build-20260713/bin/duifene_sign-1.1-arm64-v8a-debug.apk
# Android packaging done!
# APK duifene_sign-1.1-arm64-v8a-debug.apk available in the bin directory
